PING www.a.shifen.com (220.181.38.149) 56(84) bytes of data.
64 bytes from 220.181.38.149 (220.181.38.149): icmp_seq=1 ttl=54 time=4.64 ms
64 bytes from 220.181.38.149 (220.181.38.149): icmp_seq=2 ttl=54 time=4.62 ms

--- www.a.shifen.com ping statistics ---
2 packets transmitted, 2 received, 0% packet loss, time 1001ms
rtt min/avg/max/mdev = 4.627/4.633/4.640/0.068 ms
[I 200212 22:38:19 web:2063] 304 GET /sync (117.9.39.103) 1016.42ms
PING www.a.shifen.com (220.181.38.149) 56(84) bytes of data.
64 bytes from 220.181.38.149 (220.181.38.149): icmp_seq=1 ttl=54 time=4.59 ms
64 bytes from 220.181.38.149 (220.181.38.149): icmp_seq=2 ttl=54 time=4.62 ms

--- www.a.shifen.com ping statistics ---
2 packets transmitted, 2 received, 0% packet loss, time 1001ms
rtt min/avg/max/mdev = 4.596/4.611/4.627/0.069 ms
[I 200212 22:38:41 web:2063] 200 GET /sync (127.0.0.1) 1015.98ms
PING www.a.shifen.com (220.181.38.149) 56(84) bytes of data.
64 bytes from 220.181.38.149 (220.181.38.149): icmp_seq=1 ttl=54 time=4.58 ms
64 bytes from 220.181.38.149 (220.181.38.149): icmp_seq=2 ttl=54 time=4.64 ms

--- www.a.shifen.com ping statistics ---
2 packets transmitted, 2 received, 0% packet loss, time 1002ms
rtt min/avg/max/mdev = 4.580/4.610/4.641/0.074 ms
[I 200212 22:38:42 web:2063] 200 GET /sync (127.0.0.1) 1015.84ms
PING www.a.shifen.com (220.181.38.149) 56(84) bytes of data.
64 bytes from 220.181.38.149 (220.181.38.149): icmp_seq=1 ttl=54 time=4.61 ms
64 bytes from 220.181.38.149 (220.181.38.149): icmp_seq=2 ttl=54 time=4.61 ms

--- www.a.shifen.com ping statistics ---
2 packets transmitted, 2 received, 0% packet loss, time 1001ms
rtt min/avg/max/mdev = 4.612/4.615/4.618/0.003 ms
[I 200212 22:38:43 web:2063] 200 GET /sync (127.0.0.1) 1015.99ms
PING www.a.shifen.com (220.181.38.149) 56(84) bytes of data.
64 bytes from 220.181.38.149 (220.181.38.149): icmp_seq=1 ttl=54 time=4.59 ms
64 bytes from 220.181.38.149 (220.181.38.149): icmp_seq=2 ttl=54 time=4.61 ms

--- www.a.shifen.com ping statistics ---
2 packets transmitted, 2 received, 0% packet loss, time 1000ms
rtt min/avg/max/mdev = 4.597/4.604/4.612/0.068 ms
[I 200212 22:38:44 web:2063] 200 GET /sync (127.0.0.1) 1014.77ms
PING www.a.shifen.com (220.181.38.150) 56(84) bytes of data.
64 bytes from 220.181.38.150 (220.181.38.150): icmp_seq=1 ttl=54 time=3.74 ms
64 bytes from 220.181.38.150 (220.181.38.150): icmp_seq=2 ttl=54 time=3.79 ms

--- www.a.shifen.com ping statistics ---
2 packets transmitted, 2 received, 0% packet loss, time 1001ms
rtt min/avg/max/mdev = 3.742/3.766/3.791/0.066 ms
[I 200212 22:38:45 web:2063] 200 GET /sync (127.0.0.1) 1014.46ms
